// Jest Snapshot v1, https://goo.gl/fbAQLP

exports[`<Board /> Component renders correctly 1`] = `
<table
  className="Board"
>
  <tbody />
</table>
`;
