// Jest Snapshot v1, https://goo.gl/fbAQLP

exports[`<Cell /> Container  +++ capturing snapshot of home 1`] = `
<Cell
  onClick={[Function]}
/>
`;
