// Jest Snapshot v1, https://goo.gl/fbAQLP

exports[`<Cell /> Component Have props renders correctly 1`] = `
<td
  className="highlight"
>
  <div
    className="black"
  />
</td>
`;
